// Jest Snapshot v1, https://goo.gl/fbAQLP

exports[`should add a post when the form is submitted 1`] = `
<div
  className="row"
>
  <div
    className="col-sm-12"
  >
    <h4>
      <FontAwesome
        name="envelope"
      />
       Post Form
    </h4>
    <div
      className="well well-lg"
    >
      <form
        onSubmit={[Function]}
      >
        <div
          className="form-group"
        >
          <label
            htmlFor="title"
          >
            Title
          </label>
          <input
            className="form-control"
            id="title"
            name="title"
            onChange={[Function]}
            required={true}
            type="text"
            value=""
          />
        </div>
        <div
          className="form-group"
        >
          <label
            htmlFor="body"
          >
            Body
          </label>
          <textarea
            className="form-control"
            cols="30"
            id="body"
            name="body"
            onChange={[Function]}
            required={true}
            rows="4"
            value=""
          />
        </div>
        <div
          className="form-group"
        >
          <label
            htmlFor="author"
          >
            Author
          </label>
          <input
            className="form-control"
            id="author"
            name="author"
            onChange={[Function]}
            required={true}
            type="text"
            value=""
          />
        </div>
        <div
          className="form-group"
        >
          <label
            htmlFor="category"
          >
            Category
          </label>
          <select
            className="form-control"
            id="category"
            name="category"
            onChange={[Function]}
            required={true}
            value=""
          >
            <option
              value=""
            />
            <option
              key="react"
              value="react"
            >
              React
            </option>
            <option
              key="redux"
              value="redux"
            >
              Redux
            </option>
            <option
              key="angular"
              value="angular"
            >
              Angular
            </option>
            <option
              key="es6"
              value="es6"
            >
              ES6
            </option>
          </select>
        </div>
        <button
          className="btn btn-primary btn-sm smallMargin"
          type="submit"
        >
          <span
            className="glyphicon glyphicon-ok"
          />
           Save
        </button>
        <Link
          className="btn btn-warning btn-sm smallMargin"
          replace={false}
          to="/"
        >
          <span
            className="glyphicon glyphicon-remove"
          />
           Cancel
        </Link>
      </form>
    </div>
  </div>
</div>
`;

exports[`should call getCategories() when the component is mounted 1`] = `
<div
  className="row"
>
  <div
    className="col-sm-12"
  >
    <h4>
      <FontAwesome
        name="envelope"
      />
       Post Form
    </h4>
    <div
      className="well well-lg"
    >
      <form
        onSubmit={[Function]}
      >
        <div
          className="form-group"
        >
          <label
            htmlFor="title"
          >
            Title
          </label>
          <input
            className="form-control"
            id="title"
            name="title"
            onChange={[Function]}
            required={true}
            type="text"
            value=""
          />
        </div>
        <div
          className="form-group"
        >
          <label
            htmlFor="body"
          >
            Body
          </label>
          <textarea
            className="form-control"
            cols="30"
            id="body"
            name="body"
            onChange={[Function]}
            required={true}
            rows="4"
            value=""
          />
        </div>
        <div
          className="form-group"
        >
          <label
            htmlFor="author"
          >
            Author
          </label>
          <input
            className="form-control"
            id="author"
            name="author"
            onChange={[Function]}
            required={true}
            type="text"
            value=""
          />
        </div>
        <div
          className="form-group"
        >
          <label
            htmlFor="category"
          >
            Category
          </label>
          <select
            className="form-control"
            id="category"
            name="category"
            onChange={[Function]}
            required={true}
            value=""
          >
            <option
              value=""
            />
            <option
              key="react"
              value="react"
            >
              React
            </option>
            <option
              key="redux"
              value="redux"
            >
              Redux
            </option>
            <option
              key="angular"
              value="angular"
            >
              Angular
            </option>
            <option
              key="es6"
              value="es6"
            >
              ES6
            </option>
          </select>
        </div>
        <button
          className="btn btn-primary btn-sm smallMargin"
          type="submit"
        >
          <span
            className="glyphicon glyphicon-ok"
          />
           Save
        </button>
        <Link
          className="btn btn-warning btn-sm smallMargin"
          replace={false}
          to="/"
        >
          <span
            className="glyphicon glyphicon-remove"
          />
           Cancel
        </Link>
      </form>
    </div>
  </div>
</div>
`;

exports[`should call getPost() when the component is mounted and post id is passed as a parameter 1`] = `
<div
  className="row"
>
  <div
    className="col-sm-12"
  >
    <h4>
      <FontAwesome
        name="envelope"
      />
       Post Form
    </h4>
    <div
      className="well well-lg"
    >
      <form
        onSubmit={[Function]}
      >
        <div
          className="form-group"
        >
          <label
            htmlFor="title"
          >
            Title
          </label>
          <input
            className="form-control"
            id="title"
            name="title"
            onChange={[Function]}
            required={true}
            type="text"
            value=""
          />
        </div>
        <div
          className="form-group"
        >
          <label
            htmlFor="body"
          >
            Body
          </label>
          <textarea
            className="form-control"
            cols="30"
            id="body"
            name="body"
            onChange={[Function]}
            required={true}
            rows="4"
            value=""
          />
        </div>
        <div
          className="form-group"
        >
          <label
            htmlFor="author"
          >
            Author
          </label>
          <input
            className="form-control"
            id="author"
            name="author"
            onChange={[Function]}
            required={true}
            type="text"
            value=""
          />
        </div>
        <div
          className="form-group"
        >
          <label
            htmlFor="category"
          >
            Category
          </label>
          <select
            className="form-control"
            id="category"
            name="category"
            onChange={[Function]}
            required={true}
            value=""
          >
            <option
              value=""
            />
            <option
              key="react"
              value="react"
            >
              React
            </option>
            <option
              key="redux"
              value="redux"
            >
              Redux
            </option>
            <option
              key="angular"
              value="angular"
            >
              Angular
            </option>
            <option
              key="es6"
              value="es6"
            >
              ES6
            </option>
          </select>
        </div>
        <button
          className="btn btn-primary btn-sm smallMargin"
          type="submit"
        >
          <span
            className="glyphicon glyphicon-ok"
          />
           Save
        </button>
        <Link
          className="btn btn-warning btn-sm smallMargin"
          replace={false}
          to="/"
        >
          <span
            className="glyphicon glyphicon-remove"
          />
           Cancel
        </Link>
      </form>
    </div>
  </div>
</div>
`;

exports[`should populate categories within Category dropdown list 1`] = `
<div
  className="row"
>
  <div
    className="col-sm-12"
  >
    <h4>
      <FontAwesome
        name="envelope"
      />
       Post Form
    </h4>
    <div
      className="well well-lg"
    >
      <form
        onSubmit={[Function]}
      >
        <div
          className="form-group"
        >
          <label
            htmlFor="title"
          >
            Title
          </label>
          <input
            className="form-control"
            id="title"
            name="title"
            onChange={[Function]}
            required={true}
            type="text"
            value=""
          />
        </div>
        <div
          className="form-group"
        >
          <label
            htmlFor="body"
          >
            Body
          </label>
          <textarea
            className="form-control"
            cols="30"
            id="body"
            name="body"
            onChange={[Function]}
            required={true}
            rows="4"
            value=""
          />
        </div>
        <div
          className="form-group"
        >
          <label
            htmlFor="author"
          >
            Author
          </label>
          <input
            className="form-control"
            id="author"
            name="author"
            onChange={[Function]}
            required={true}
            type="text"
            value=""
          />
        </div>
        <div
          className="form-group"
        >
          <label
            htmlFor="category"
          >
            Category
          </label>
          <select
            className="form-control"
            id="category"
            name="category"
            onChange={[Function]}
            required={true}
            value=""
          >
            <option
              value=""
            />
            <option
              key="react"
              value="react"
            >
              React
            </option>
            <option
              key="redux"
              value="redux"
            >
              Redux
            </option>
            <option
              key="angular"
              value="angular"
            >
              Angular
            </option>
            <option
              key="es6"
              value="es6"
            >
              ES6
            </option>
          </select>
        </div>
        <button
          className="btn btn-primary btn-sm smallMargin"
          type="submit"
        >
          <span
            className="glyphicon glyphicon-ok"
          />
           Save
        </button>
        <Link
          className="btn btn-warning btn-sm smallMargin"
          replace={false}
          to="/"
        >
          <span
            className="glyphicon glyphicon-remove"
          />
           Cancel
        </Link>
      </form>
    </div>
  </div>
</div>
`;

exports[`should render the form 1`] = `
<div
  className="row"
>
  <div
    className="col-sm-12"
  >
    <h4>
      <FontAwesome
        name="envelope"
      />
       Post Form
    </h4>
    <div
      className="well well-lg"
    >
      <form
        onSubmit={[Function]}
      >
        <div
          className="form-group"
        >
          <label
            htmlFor="title"
          >
            Title
          </label>
          <input
            className="form-control"
            id="title"
            name="title"
            onChange={[Function]}
            required={true}
            type="text"
            value=""
          />
        </div>
        <div
          className="form-group"
        >
          <label
            htmlFor="body"
          >
            Body
          </label>
          <textarea
            className="form-control"
            cols="30"
            id="body"
            name="body"
            onChange={[Function]}
            required={true}
            rows="4"
            value=""
          />
        </div>
        <div
          className="form-group"
        >
          <label
            htmlFor="author"
          >
            Author
          </label>
          <input
            className="form-control"
            id="author"
            name="author"
            onChange={[Function]}
            required={true}
            type="text"
            value=""
          />
        </div>
        <div
          className="form-group"
        >
          <label
            htmlFor="category"
          >
            Category
          </label>
          <select
            className="form-control"
            id="category"
            name="category"
            onChange={[Function]}
            required={true}
            value=""
          >
            <option
              value=""
            />
            <option
              key="react"
              value="react"
            >
              React
            </option>
            <option
              key="redux"
              value="redux"
            >
              Redux
            </option>
            <option
              key="angular"
              value="angular"
            >
              Angular
            </option>
            <option
              key="es6"
              value="es6"
            >
              ES6
            </option>
          </select>
        </div>
        <button
          className="btn btn-primary btn-sm smallMargin"
          type="submit"
        >
          <span
            className="glyphicon glyphicon-ok"
          />
           Save
        </button>
        <Link
          className="btn btn-warning btn-sm smallMargin"
          replace={false}
          to="/"
        >
          <span
            className="glyphicon glyphicon-remove"
          />
           Cancel
        </Link>
      </form>
    </div>
  </div>
</div>
`;

exports[`should save post body in state when the value in body text area is changed 1`] = `
<div
  className="row"
>
  <div
    className="col-sm-12"
  >
    <h4>
      <FontAwesome
        name="envelope"
      />
       Post Form
    </h4>
    <div
      className="well well-lg"
    >
      <form
        onSubmit={[Function]}
      >
        <div
          className="form-group"
        >
          <label
            htmlFor="title"
          >
            Title
          </label>
          <input
            className="form-control"
            id="title"
            name="title"
            onChange={[Function]}
            required={true}
            type="text"
            value=""
          />
        </div>
        <div
          className="form-group"
        >
          <label
            htmlFor="body"
          >
            Body
          </label>
          <textarea
            className="form-control"
            cols="30"
            id="body"
            name="body"
            onChange={[Function]}
            required={true}
            rows="4"
            value=""
          />
        </div>
        <div
          className="form-group"
        >
          <label
            htmlFor="author"
          >
            Author
          </label>
          <input
            className="form-control"
            id="author"
            name="author"
            onChange={[Function]}
            required={true}
            type="text"
            value=""
          />
        </div>
        <div
          className="form-group"
        >
          <label
            htmlFor="category"
          >
            Category
          </label>
          <select
            className="form-control"
            id="category"
            name="category"
            onChange={[Function]}
            required={true}
            value=""
          >
            <option
              value=""
            />
            <option
              key="react"
              value="react"
            >
              React
            </option>
            <option
              key="redux"
              value="redux"
            >
              Redux
            </option>
            <option
              key="angular"
              value="angular"
            >
              Angular
            </option>
            <option
              key="es6"
              value="es6"
            >
              ES6
            </option>
          </select>
        </div>
        <button
          className="btn btn-primary btn-sm smallMargin"
          type="submit"
        >
          <span
            className="glyphicon glyphicon-ok"
          />
           Save
        </button>
        <Link
          className="btn btn-warning btn-sm smallMargin"
          replace={false}
          to="/"
        >
          <span
            className="glyphicon glyphicon-remove"
          />
           Cancel
        </Link>
      </form>
    </div>
  </div>
</div>
`;

exports[`should save post title in state when the value in title text box is changed 1`] = `
<div
  className="row"
>
  <div
    className="col-sm-12"
  >
    <h4>
      <FontAwesome
        name="envelope"
      />
       Post Form
    </h4>
    <div
      className="well well-lg"
    >
      <form
        onSubmit={[Function]}
      >
        <div
          className="form-group"
        >
          <label
            htmlFor="title"
          >
            Title
          </label>
          <input
            className="form-control"
            id="title"
            name="title"
            onChange={[Function]}
            required={true}
            type="text"
            value=""
          />
        </div>
        <div
          className="form-group"
        >
          <label
            htmlFor="body"
          >
            Body
          </label>
          <textarea
            className="form-control"
            cols="30"
            id="body"
            name="body"
            onChange={[Function]}
            required={true}
            rows="4"
            value=""
          />
        </div>
        <div
          className="form-group"
        >
          <label
            htmlFor="author"
          >
            Author
          </label>
          <input
            className="form-control"
            id="author"
            name="author"
            onChange={[Function]}
            required={true}
            type="text"
            value=""
          />
        </div>
        <div
          className="form-group"
        >
          <label
            htmlFor="category"
          >
            Category
          </label>
          <select
            className="form-control"
            id="category"
            name="category"
            onChange={[Function]}
            required={true}
            value=""
          >
            <option
              value=""
            />
            <option
              key="react"
              value="react"
            >
              React
            </option>
            <option
              key="redux"
              value="redux"
            >
              Redux
            </option>
            <option
              key="angular"
              value="angular"
            >
              Angular
            </option>
            <option
              key="es6"
              value="es6"
            >
              ES6
            </option>
          </select>
        </div>
        <button
          className="btn btn-primary btn-sm smallMargin"
          type="submit"
        >
          <span
            className="glyphicon glyphicon-ok"
          />
           Save
        </button>
        <Link
          className="btn btn-warning btn-sm smallMargin"
          replace={false}
          to="/"
        >
          <span
            className="glyphicon glyphicon-remove"
          />
           Cancel
        </Link>
      </form>
    </div>
  </div>
</div>
`;

exports[`should save selected category in state when a category is selected 1`] = `
<div
  className="row"
>
  <div
    className="col-sm-12"
  >
    <h4>
      <FontAwesome
        name="envelope"
      />
       Post Form
    </h4>
    <div
      className="well well-lg"
    >
      <form
        onSubmit={[Function]}
      >
        <div
          className="form-group"
        >
          <label
            htmlFor="title"
          >
            Title
          </label>
          <input
            className="form-control"
            id="title"
            name="title"
            onChange={[Function]}
            required={true}
            type="text"
            value=""
          />
        </div>
        <div
          className="form-group"
        >
          <label
            htmlFor="body"
          >
            Body
          </label>
          <textarea
            className="form-control"
            cols="30"
            id="body"
            name="body"
            onChange={[Function]}
            required={true}
            rows="4"
            value=""
          />
        </div>
        <div
          className="form-group"
        >
          <label
            htmlFor="author"
          >
            Author
          </label>
          <input
            className="form-control"
            id="author"
            name="author"
            onChange={[Function]}
            required={true}
            type="text"
            value=""
          />
        </div>
        <div
          className="form-group"
        >
          <label
            htmlFor="category"
          >
            Category
          </label>
          <select
            className="form-control"
            id="category"
            name="category"
            onChange={[Function]}
            required={true}
            value=""
          >
            <option
              value=""
            />
            <option
              key="react"
              value="react"
            >
              React
            </option>
            <option
              key="redux"
              value="redux"
            >
              Redux
            </option>
            <option
              key="angular"
              value="angular"
            >
              Angular
            </option>
            <option
              key="es6"
              value="es6"
            >
              ES6
            </option>
          </select>
        </div>
        <button
          className="btn btn-primary btn-sm smallMargin"
          type="submit"
        >
          <span
            className="glyphicon glyphicon-ok"
          />
           Save
        </button>
        <Link
          className="btn btn-warning btn-sm smallMargin"
          replace={false}
          to="/"
        >
          <span
            className="glyphicon glyphicon-remove"
          />
           Cancel
        </Link>
      </form>
    </div>
  </div>
</div>
`;

exports[`should set state to default post when the component is mounted 1`] = `
<div
  className="row"
>
  <div
    className="col-sm-12"
  >
    <h4>
      <FontAwesome
        name="envelope"
      />
       Post Form
    </h4>
    <div
      className="well well-lg"
    >
      <form
        onSubmit={[Function]}
      >
        <div
          className="form-group"
        >
          <label
            htmlFor="title"
          >
            Title
          </label>
          <input
            className="form-control"
            id="title"
            name="title"
            onChange={[Function]}
            required={true}
            type="text"
            value=""
          />
        </div>
        <div
          className="form-group"
        >
          <label
            htmlFor="body"
          >
            Body
          </label>
          <textarea
            className="form-control"
            cols="30"
            id="body"
            name="body"
            onChange={[Function]}
            required={true}
            rows="4"
            value=""
          />
        </div>
        <div
          className="form-group"
        >
          <label
            htmlFor="author"
          >
            Author
          </label>
          <input
            className="form-control"
            id="author"
            name="author"
            onChange={[Function]}
            required={true}
            type="text"
            value=""
          />
        </div>
        <div
          className="form-group"
        >
          <label
            htmlFor="category"
          >
            Category
          </label>
          <select
            className="form-control"
            id="category"
            name="category"
            onChange={[Function]}
            required={true}
            value=""
          >
            <option
              value=""
            />
            <option
              key="react"
              value="react"
            >
              React
            </option>
            <option
              key="redux"
              value="redux"
            >
              Redux
            </option>
            <option
              key="angular"
              value="angular"
            >
              Angular
            </option>
            <option
              key="es6"
              value="es6"
            >
              ES6
            </option>
          </select>
        </div>
        <button
          className="btn btn-primary btn-sm smallMargin"
          type="submit"
        >
          <span
            className="glyphicon glyphicon-ok"
          />
           Save
        </button>
        <Link
          className="btn btn-warning btn-sm smallMargin"
          replace={false}
          to="/"
        >
          <span
            className="glyphicon glyphicon-remove"
          />
           Cancel
        </Link>
      </form>
    </div>
  </div>
</div>
`;

exports[`should update a post when the form is submitted 1`] = `
<div
  className="row"
>
  <div
    className="col-sm-12"
  >
    <h4>
      <FontAwesome
        name="envelope"
      />
       Post Form
    </h4>
    <div
      className="well well-lg"
    >
      <form
        onSubmit={[Function]}
      >
        <div
          className="form-group"
        >
          <label
            htmlFor="title"
          >
            Title
          </label>
          <input
            className="form-control"
            id="title"
            name="title"
            onChange={[Function]}
            required={true}
            type="text"
            value=""
          />
        </div>
        <div
          className="form-group"
        >
          <label
            htmlFor="body"
          >
            Body
          </label>
          <textarea
            className="form-control"
            cols="30"
            id="body"
            name="body"
            onChange={[Function]}
            required={true}
            rows="4"
            value=""
          />
        </div>
        <div
          className="form-group"
        >
          <label
            htmlFor="author"
          >
            Author
          </label>
          <input
            className="form-control"
            id="author"
            name="author"
            onChange={[Function]}
            required={true}
            type="text"
            value=""
          />
        </div>
        <div
          className="form-group"
        >
          <label
            htmlFor="category"
          >
            Category
          </label>
          <select
            className="form-control"
            id="category"
            name="category"
            onChange={[Function]}
            required={true}
            value=""
          >
            <option
              value=""
            />
            <option
              key="react"
              value="react"
            >
              React
            </option>
            <option
              key="redux"
              value="redux"
            >
              Redux
            </option>
            <option
              key="angular"
              value="angular"
            >
              Angular
            </option>
            <option
              key="es6"
              value="es6"
            >
              ES6
            </option>
          </select>
        </div>
        <button
          className="btn btn-primary btn-sm smallMargin"
          type="submit"
        >
          <span
            className="glyphicon glyphicon-ok"
          />
           Save
        </button>
        <Link
          className="btn btn-warning btn-sm smallMargin"
          replace={false}
          to="/"
        >
          <span
            className="glyphicon glyphicon-remove"
          />
           Cancel
        </Link>
      </form>
    </div>
  </div>
</div>
`;
